
52557@LAPTOP-PPSOT4O1 MINGW64 ~ (master)
$ pwd
/c/Users/52557

52557@LAPTOP-PPSOT4O1 MINGW64 ~ (master)
$ CD Desktop
bash: CD: command not found

52557@LAPTOP-PPSOT4O1 MINGW64 ~ (master)
$ cd Desktop

52557@LAPTOP-PPSOT4O1 MINGW64 ~/Desktop (master)
$ cd EjercicioGIT1
bash: cd: EjercicioGIT1: No such file or directory

52557@LAPTOP-PPSOT4O1 MINGW64 ~/Desktop (master)
$ cd Ejercicio GIT1
bash: cd: too many arguments

52557@LAPTOP-PPSOT4O1 MINGW64 ~/Desktop (master)
$ cd EjercicioGIT1

52557@LAPTOP-PPSOT4O1 MINGW64 ~/Desktop/EjercicioGIT1 (master)
$ LS
proyecto

52557@LAPTOP-PPSOT4O1 MINGW64 ~/Desktop/EjercicioGIT1 (master)
$ git init
Initialized empty Git repository in C:/Users/52557/Desktop/EjercicioGIT1/.git/

52557@LAPTOP-PPSOT4O1 MINGW64 ~/Desktop/EjercicioGIT1 (master)
$ git status
On branch master

No commits yet

nothing to commit (create/copy files and use "git add" to track)

52557@LAPTOP-PPSOT4O1 MINGW64 ~/Desktop/EjercicioGIT1 (master)
$ status
bash: status: command not found

52557@LAPTOP-PPSOT4O1 MINGW64 ~/Desktop/EjercicioGIT1 (master)
$ git status
On branch master

No commits yet

Untracked files:
  (use "git add <file>..." to include in what will be committed)
        proyecto/

nothing added to commit but untracked files present (use "git add" to track)

52557@LAPTOP-PPSOT4O1 MINGW64 ~/Desktop/EjercicioGIT1 (master)
$ cd proyecto

52557@LAPTOP-PPSOT4O1 MINGW64 ~/Desktop/EjercicioGIT1/proyecto (master)
$ git status
On branch master

No commits yet

Untracked files:
  (use "git add <file>..." to include in what will be committed)
        ./

nothing added to commit but untracked files present (use "git add" to track)

52557@LAPTOP-PPSOT4O1 MINGW64 ~/Desktop/EjercicioGIT1/proyecto (master)
$ LS
ejercicio1.js  index.html

52557@LAPTOP-PPSOT4O1 MINGW64 ~/Desktop/EjercicioGIT1/proyecto (master)
$ git init
Initialized empty Git repository in C:/Users/52557/Desktop/EjercicioGIT1/proyecto/.git/

52557@LAPTOP-PPSOT4O1 MINGW64 ~/Desktop/EjercicioGIT1/proyecto (master)
$ git status
On branch master

No commits yet

Untracked files:
  (use "git add <file>..." to include in what will be committed)
        ejercicio1.js
        index.html

nothing added to commit but untracked files present (use "git add" to track)

52557@LAPTOP-PPSOT4O1 MINGW64 ~/Desktop/EjercicioGIT1/proyecto (master)
$ git add index.html

52557@LAPTOP-PPSOT4O1 MINGW64 ~/Desktop/EjercicioGIT1/proyecto (master)
$ git status
On branch master

No commits yet

Changes to be committed:
[master (root-commit) a4b6169] mi primer commit
 2 files changed, 2 insertions(+)
 create mode 100644 ejercicio1.js
 create mode 100644 index.html

52557@LAPTOP-PPSOT4O1 MINGW64 ~/Desktop/EjercicioGIT1/proyecto (master)
$ git log
commit a4b616911bda421d7e738a7d4f7a1e4c737df123 (HEAD -> master)
Author: Victoriamorones <98131770+Victoriamorones@users.noreply.github.com>
Date:   Wed Feb 23 19:39:32 2022 -0600

    mi primer commit

52557@LAPTOP-PPSOT4O1 MINGW64 ~/Desktop/EjercicioGIT1/proyecto (master)
$ git status
On branch master
nothing to commit, working tree clean

52557@LAPTOP-PPSOT4O1 MINGW64 ~/Desktop/EjercicioGIT1/proyecto (master)
$ git status
On branch master
Changes not staged for commit:
  (use "git add <file>..." to update what will be committed)
  (use "git restore <file>..." to discard changes in working directory)
        modified:   index.html

no changes added to commit (use "git add" and/or "git commit -a")

52557@LAPTOP-PPSOT4O1 MINGW64 ~/Desktop/EjercicioGIT1/proyecto (master)
$ git add index.html

52557@LAPTOP-PPSOT4O1 MINGW64 ~/Desktop/EjercicioGIT1/proyecto (master)
$ git status
On branch master
Changes to be committed:
  (use "git restore --staged <file>..." to unstage)
        modified:   index.html


52557@LAPTOP-PPSOT4O1 MINGW64 ~/Desktop/EjercicioGIT1/proyecto (master)
$ git commit
[master a40fcfb] Se agregó titulo al archivo html
 1 file changed, 12 insertions(+), 1 deletion(-)

52557@LAPTOP-PPSOT4O1 MINGW64 ~/Desktop/EjercicioGIT1/proyecto (master)
$ git log
commit a40fcfb536b7c3c067df5388419f79027c047e66 (HEAD -> master)
Author: Victoriamorones <98131770+Victoriamorones@users.noreply.github.com>
Date:   Wed Feb 23 19:52:03 2022 -0600

    Se agregó titulo al archivo html

commit a4b616911bda421d7e738a7d4f7a1e4c737df123
Author: Victoriamorones <98131770+Victoriamorones@users.noreply.github.com>
Date:   Wed Feb 23 19:39:32 2022 -0600

    mi primer commit

52557@LAPTOP-PPSOT4O1 MINGW64 ~/Desktop/EjercicioGIT1/proyecto (master)
$ git branch
* master

52557@LAPTOP-PPSOT4O1 MINGW64 ~/Desktop/EjercicioGIT1/proyecto (master)
$ git branch proyecto 2
fatal: not a valid object name: '2'

52557@LAPTOP-PPSOT4O1 MINGW64 ~/Desktop/EjercicioGIT1/proyecto (master)
$ git branch proyecto2

52557@LAPTOP-PPSOT4O1 MINGW64 ~/Desktop/EjercicioGIT1/proyecto (master)
$ git checkout proyecto2
Switched to branch 'proyecto2'

52557@LAPTOP-PPSOT4O1 MINGW64 ~/Desktop/EjercicioGIT1/proyecto (proyecto2)
$ git branch
  master
* proyecto2

52557@LAPTOP-PPSOT4O1 MINGW64 ~/Desktop/EjercicioGIT1/proyecto (proyecto2)
$ git commit
On branch proyecto2
nothing to commit, working tree clean

52557@LAPTOP-PPSOT4O1 MINGW64 ~/Desktop/EjercicioGIT1/proyecto (proyecto2)
$ gist status
bash: gist: command not found

52557@LAPTOP-PPSOT4O1 MINGW64 ~/Desktop/EjercicioGIT1/proyecto (proyecto2)
$ git status
On branch proyecto2
nothing to commit, working tree clean

52557@LAPTOP-PPSOT4O1 MINGW64 ~/Desktop/EjercicioGIT1/proyecto (proyecto2)
$ git status
On branch proyecto2
nothing to commit, working tree clean

52557@LAPTOP-PPSOT4O1 MINGW64 ~/Desktop/EjercicioGIT1/proyecto (proyecto2)
$ git add .

52557@LAPTOP-PPSOT4O1 MINGW64 ~/Desktop/EjercicioGIT1/proyecto (proyecto2)
$ git status
On branch proyecto2
nothing to commit, working tree clean

52557@LAPTOP-PPSOT4O1 MINGW64 ~/Desktop/EjercicioGIT1/proyecto (proyecto2)
$ git checkout master
Switched to branch 'master'

52557@LAPTOP-PPSOT4O1 MINGW64 ~/Desktop/EjercicioGIT1/proyecto (master)
$ git status
On branch master
nothing to commit, working tree clean

52557@LAPTOP-PPSOT4O1 MINGW64 ~/Desktop/EjercicioGIT1/proyecto (master)
$ git status
On branch master
Untracked files:
  (use "git add <file>..." to include in what will be committed)
        subproyecto/

nothing added to commit but untracked files present (use "git add" to track)

52557@LAPTOP-PPSOT4O1 MINGW64 ~/Desktop/EjercicioGIT1/proyecto (master)
$ git commit -m "Se agrega carpeta de extension"
On branch master
Untracked files:
  (use "git add <file>..." to include in what will be committed)
        subproyecto/

nothing added to commit but untracked files present (use "git add" to track)

52557@LAPTOP-PPSOT4O1 MINGW64 ~/Desktop/EjercicioGIT1/proyecto (master)
$ git add .

52557@LAPTOP-PPSOT4O1 MINGW64 ~/Desktop/EjercicioGIT1/proyecto (master)
$ git status
On branch master
Changes to be committed:
  (use "git restore --staged <file>..." to unstage)
        new file:   subproyecto/index.html


52557@LAPTOP-PPSOT4O1 MINGW64 ~/Desktop/EjercicioGIT1/proyecto (master)
$ git checkout proyecto.2
error: pathspec 'proyecto.2' did not match any file(s) known to git

52557@LAPTOP-PPSOT4O1 MINGW64 ~/Desktop/EjercicioGIT1/proyecto (master)
$ git checkout proyecto2
Switched to branch 'proyecto2'
A       subproyecto/index.html

52557@LAPTOP-PPSOT4O1 MINGW64 ~/Desktop/EjercicioGIT1/proyecto (proyecto2)
$ git checkout proyecto3
Already on 'proyecto3'
A       subproyecto/index.html

52557@LAPTOP-PPSOT4O1 MINGW64 ~/Desktop/EjercicioGIT1/proyecto (proyecto3)
$ git status
On branch proyecto3
Your branch is up to date with 'origin/proyecto3'.

nothing to commit, working tree clean

52557@LAPTOP-PPSOT4O1 MINGW64 ~/Desktop/EjercicioGIT1/proyecto (proyecto3)
$ git add README.md
fatal: pathspec 'README.md' did not match any files

52557@LAPTOP-PPSOT4O1 MINGW64 ~/Desktop/EjercicioGIT1/proyecto (proyecto3)
$ git commit -m "primer commit en ejercicio3"
On branch proyecto3
Your branch is up to date with 'origin/proyecto3'.

nothing to commit, working tree clean

52557@LAPTOP-PPSOT4O1 MINGW64 ~/Desktop/EjercicioGIT1/proyecto (proyecto3)
$ got log
bash: got: command not found

52557@LAPTOP-PPSOT4O1 MINGW64 ~/Desktop/EjercicioGIT1/proyecto (proyecto3)
$ git log
commit 81fbd7154059a59fdae51f5539a4f594ce9b408e (HEAD -> proyecto3, origin/proyecto3)
Author: Victoriamorones <98131770+Victoriamorones@users.noreply.github.com>
Date:   Wed Feb 23 22:18:53 2022 -0600

    este es el primer commit del proyecto 3

commit 1f581e665c8f545dc606bf692c51fea892233dfc
Author: Victoriamorones <98131770+Victoriamorones@users.noreply.github.com>
Date:   Wed Feb 23 21:49:14 2022 -0600

    se genera nuevo proyecto de prueba

commit a40fcfb536b7c3c067df5388419f79027c047e66 (proyecto2, master)
Author: Victoriamorones <98131770+Victoriamorones@users.noreply.github.com>
Date:   Wed Feb 23 19:52:03 2022 -0600

    Se agregó titulo al archivo html

commit a4b616911bda421d7e738a7d4f7a1e4c737df123
Author: Victoriamorones <98131770+Victoriamorones@users.noreply.github.com>
Date:   Wed Feb 23 19:39:32 2022 -0600

    mi primer commit

52557@LAPTOP-PPSOT4O1 MINGW64 ~/Desktop/EjercicioGIT1/proyecto (proyecto3)
$ ^C

52557@LAPTOP-PPSOT4O1 MINGW64 ~/Desktop/EjercicioGIT1/proyecto (proyecto3)
$
